[  264808ms] [ERROR] Access to fetch at 'https://tile.openstreetmap.org/22/2148476/1400167.png' from origin 'http://localhost:8090' has been blocked by CORS policy: No 'Access-Control-Allow-Origin' header is present on the requested resource. @ http://localhost:8090/?v=8:0
[  264810ms] [ERROR] Failed to load resource: net::ERR_FAILED @ https://tile.openstreetmap.org/22/2148476/1400167.png:0
[  264812ms] [ERROR] TypeError: Failed to fetch
    at https://cdn.jsdelivr.net/npm/maplibre-gl@4.7.1/dist/maplibre-gl.js:42:7068
    at Generator.next (<anonymous>)
    at https://cdn.jsdelivr.net/npm/maplibre-gl@4.7.1/dist/maplibre-gl.js:42:343
    at new Promise (<anonymous>)
    at e (https://cdn.jsdelivr.net/npm/maplibre-gl@4.7.1/dist/maplibre-gl.js:42:82)
    at https://cdn.jsdelivr.net/npm/maplibre-gl@4.7.1/dist/maplibre-gl.js:42:6784
    at Object.O [as m] (https://cdn.jsdelivr.net/npm/maplibre-gl@4.7.1/dist/maplibre-gl.js:42:7394)
    at https://cdn.jsdelivr.net/npm/maplibre-gl@4.7.1/dist/maplibre-gl.js:46:4114
    at Generator.next (<anonymous>)
    at https://cdn.jsdelivr.net/npm/maplibre-gl@4.7.1/dist/maplibre-gl.js:42:343 @ https://cdn.jsdelivr.net/npm/maplibre-gl@4.7.1/dist/maplibre-gl.js:41
[  264814ms] [ERROR] Access to fetch at 'https://tile.openstreetmap.org/22/2148477/1400167.png' from origin 'http://localhost:8090' has been blocked by CORS policy: No 'Access-Control-Allow-Origin' header is present on the requested resource. @ http://localhost:8090/?v=8:0
[  264814ms] [ERROR] Failed to load resource: net::ERR_FAILED @ https://tile.openstreetmap.org/22/2148477/1400167.png:0
[  264814ms] [ERROR] TypeError: Failed to fetch
    at https://cdn.jsdelivr.net/npm/maplibre-gl@4.7.1/dist/maplibre-gl.js:42:7068
    at Generator.next (<anonymous>)
    at https://cdn.jsdelivr.net/npm/maplibre-gl@4.7.1/dist/maplibre-gl.js:42:343
    at new Promise (<anonymous>)
    at e (https://cdn.jsdelivr.net/npm/maplibre-gl@4.7.1/dist/maplibre-gl.js:42:82)
    at https://cdn.jsdelivr.net/npm/maplibre-gl@4.7.1/dist/maplibre-gl.js:42:6784
    at Object.O [as m] (https://cdn.jsdelivr.net/npm/maplibre-gl@4.7.1/dist/maplibre-gl.js:42:7394)
    at https://cdn.jsdelivr.net/npm/maplibre-gl@4.7.1/dist/maplibre-gl.js:46:4114
    at Generator.next (<anonymous>)
    at https://cdn.jsdelivr.net/npm/maplibre-gl@4.7.1/dist/maplibre-gl.js:42:343 @ https://cdn.jsdelivr.net/npm/maplibre-gl@4.7.1/dist/maplibre-gl.js:41
[  264814ms] [ERROR] Access to fetch at 'https://tile.openstreetmap.org/22/2148476/1400168.png' from origin 'http://localhost:8090' has been blocked by CORS policy: No 'Access-Control-Allow-Origin' header is present on the requested resource. @ http://localhost:8090/?v=8:0
[  264815ms] [ERROR] Failed to load resource: net::ERR_FAILED @ https://tile.openstreetmap.org/22/2148476/1400168.png:0
[  264815ms] [ERROR] TypeError: Failed to fetch
    at https://cdn.jsdelivr.net/npm/maplibre-gl@4.7.1/dist/maplibre-gl.js:42:7068
    at Generator.next (<anonymous>)
    at https://cdn.jsdelivr.net/npm/maplibre-gl@4.7.1/dist/maplibre-gl.js:42:343
    at new Promise (<anonymous>)
    at e (https://cdn.jsdelivr.net/npm/maplibre-gl@4.7.1/dist/maplibre-gl.js:42:82)
    at https://cdn.jsdelivr.net/npm/maplibre-gl@4.7.1/dist/maplibre-gl.js:42:6784
    at Object.O [as m] (https://cdn.jsdelivr.net/npm/maplibre-gl@4.7.1/dist/maplibre-gl.js:42:7394)
    at https://cdn.jsdelivr.net/npm/maplibre-gl@4.7.1/dist/maplibre-gl.js:46:4114
    at Generator.next (<anonymous>)
    at https://cdn.jsdelivr.net/npm/maplibre-gl@4.7.1/dist/maplibre-gl.js:42:343 @ https://cdn.jsdelivr.net/npm/maplibre-gl@4.7.1/dist/maplibre-gl.js:41
[  264815ms] [ERROR] Access to fetch at 'https://tile.openstreetmap.org/22/2148477/1400168.png' from origin 'http://localhost:8090' has been blocked by CORS policy: No 'Access-Control-Allow-Origin' header is present on the requested resource. @ http://localhost:8090/?v=8:0
[  264815ms] [ERROR] Failed to load resource: net::ERR_FAILED @ https://tile.openstreetmap.org/22/2148477/1400168.png:0
[  264815ms] [ERROR] TypeError: Failed to fetch
    at https://cdn.jsdelivr.net/npm/maplibre-gl@4.7.1/dist/maplibre-gl.js:42:7068
    at Generator.next (<anonymous>)
    at https://cdn.jsdelivr.net/npm/maplibre-gl@4.7.1/dist/maplibre-gl.js:42:343
    at new Promise (<anonymous>)
    at e (https://cdn.jsdelivr.net/npm/maplibre-gl@4.7.1/dist/maplibre-gl.js:42:82)
    at https://cdn.jsdelivr.net/npm/maplibre-gl@4.7.1/dist/maplibre-gl.js:42:6784
    at Object.O [as m] (https://cdn.jsdelivr.net/npm/maplibre-gl@4.7.1/dist/maplibre-gl.js:42:7394)
    at https://cdn.jsdelivr.net/npm/maplibre-gl@4.7.1/dist/maplibre-gl.js:46:4114
    at Generator.next (<anonymous>)
    at https://cdn.jsdelivr.net/npm/maplibre-gl@4.7.1/dist/maplibre-gl.js:42:343 @ https://cdn.jsdelivr.net/npm/maplibre-gl@4.7.1/dist/maplibre-gl.js:41
[  264815ms] [ERROR] Access to fetch at 'https://tile.openstreetmap.org/22/2148476/1400166.png' from origin 'http://localhost:8090' has been blocked by CORS policy: No 'Access-Control-Allow-Origin' header is present on the requested resource. @ http://localhost:8090/?v=8:0
[  264815ms] [ERROR] Failed to load resource: net::ERR_FAILED @ https://tile.openstreetmap.org/22/2148476/1400166.png:0
[  264815ms] [ERROR] TypeError: Failed to fetch
    at https://cdn.jsdelivr.net/npm/maplibre-gl@4.7.1/dist/maplibre-gl.js:42:7068
    at Generator.next (<anonymous>)
    at https://cdn.jsdelivr.net/npm/maplibre-gl@4.7.1/dist/maplibre-gl.js:42:343
    at new Promise (<anonymous>)
    at e (https://cdn.jsdelivr.net/npm/maplibre-gl@4.7.1/dist/maplibre-gl.js:42:82)
    at https://cdn.jsdelivr.net/npm/maplibre-gl@4.7.1/dist/maplibre-gl.js:42:6784
    at Object.O [as m] (https://cdn.jsdelivr.net/npm/maplibre-gl@4.7.1/dist/maplibre-gl.js:42:7394)
    at https://cdn.jsdelivr.net/npm/maplibre-gl@4.7.1/dist/maplibre-gl.js:46:4114
    at Generator.next (<anonymous>)
    at https://cdn.jsdelivr.net/npm/maplibre-gl@4.7.1/dist/maplibre-gl.js:42:343 @ https://cdn.jsdelivr.net/npm/maplibre-gl@4.7.1/dist/maplibre-gl.js:41
[  264815ms] [ERROR] Access to fetch at 'https://tile.openstreetmap.org/22/2148475/1400167.png' from origin 'http://localhost:8090' has been blocked by CORS policy: No 'Access-Control-Allow-Origin' header is present on the requested resource. @ http://localhost:8090/?v=8:0
[  264815ms] [ERROR] Failed to load resource: net::ERR_FAILED @ https://tile.openstreetmap.org/22/2148475/1400167.png:0
[  264815ms] [ERROR] TypeError: Failed to fetch
    at https://cdn.jsdelivr.net/npm/maplibre-gl@4.7.1/dist/maplibre-gl.js:42:7068
    at Generator.next (<anonymous>)
    at https://cdn.jsdelivr.net/npm/maplibre-gl@4.7.1/dist/maplibre-gl.js:42:343
    at new Promise (<anonymous>)
    at e (https://cdn.jsdelivr.net/npm/maplibre-gl@4.7.1/dist/maplibre-gl.js:42:82)
    at https://cdn.jsdelivr.net/npm/maplibre-gl@4.7.1/dist/maplibre-gl.js:42:6784
    at Object.O [as m] (https://cdn.jsdelivr.net/npm/maplibre-gl@4.7.1/dist/maplibre-gl.js:42:7394)
    at https://cdn.jsdelivr.net/npm/maplibre-gl@4.7.1/dist/maplibre-gl.js:46:4114
    at Generator.next (<anonymous>)
    at https://cdn.jsdelivr.net/npm/maplibre-gl@4.7.1/dist/maplibre-gl.js:42:343 @ https://cdn.jsdelivr.net/npm/maplibre-gl@4.7.1/dist/maplibre-gl.js:41
[  264815ms] [ERROR] Access to fetch at 'https://tile.openstreetmap.org/22/2148475/1400168.png' from origin 'http://localhost:8090' has been blocked by CORS policy: No 'Access-Control-Allow-Origin' header is present on the requested resource. @ http://localhost:8090/?v=8:0
[  264816ms] [ERROR] Failed to load resource: net::ERR_FAILED @ https://tile.openstreetmap.org/22/2148475/1400168.png:0
[  264816ms] [ERROR] TypeError: Failed to fetch
    at https://cdn.jsdelivr.net/npm/maplibre-gl@4.7.1/dist/maplibre-gl.js:42:7068
    at Generator.next (<anonymous>)
    at https://cdn.jsdelivr.net/npm/maplibre-gl@4.7.1/dist/maplibre-gl.js:42:343
    at new Promise (<anonymous>)
    at e (https://cdn.jsdelivr.net/npm/maplibre-gl@4.7.1/dist/maplibre-gl.js:42:82)
    at https://cdn.jsdelivr.net/npm/maplibre-gl@4.7.1/dist/maplibre-gl.js:42:6784
    at Object.O [as m] (https://cdn.jsdelivr.net/npm/maplibre-gl@4.7.1/dist/maplibre-gl.js:42:7394)
    at https://cdn.jsdelivr.net/npm/maplibre-gl@4.7.1/dist/maplibre-gl.js:46:4114
    at Generator.next (<anonymous>)
    at https://cdn.jsdelivr.net/npm/maplibre-gl@4.7.1/dist/maplibre-gl.js:42:343 @ https://cdn.jsdelivr.net/npm/maplibre-gl@4.7.1/dist/maplibre-gl.js:41
[  264816ms] [ERROR] Access to fetch at 'https://tile.openstreetmap.org/22/2148477/1400166.png' from origin 'http://localhost:8090' has been blocked by CORS policy: No 'Access-Control-Allow-Origin' header is present on the requested resource. @ http://localhost:8090/?v=8:0
[  264816ms] [ERROR] Failed to load resource: net::ERR_FAILED @ https://tile.openstreetmap.org/22/2148477/1400166.png:0
[  264816ms] [ERROR] TypeError: Failed to fetch
    at https://cdn.jsdelivr.net/npm/maplibre-gl@4.7.1/dist/maplibre-gl.js:42:7068
    at Generator.next (<anonymous>)
    at https://cdn.jsdelivr.net/npm/maplibre-gl@4.7.1/dist/maplibre-gl.js:42:343
    at new Promise (<anonymous>)
    at e (https://cdn.jsdelivr.net/npm/maplibre-gl@4.7.1/dist/maplibre-gl.js:42:82)
    at https://cdn.jsdelivr.net/npm/maplibre-gl@4.7.1/dist/maplibre-gl.js:42:6784
    at Object.O [as m] (https://cdn.jsdelivr.net/npm/maplibre-gl@4.7.1/dist/maplibre-gl.js:42:7394)
    at https://cdn.jsdelivr.net/npm/maplibre-gl@4.7.1/dist/maplibre-gl.js:46:4114
    at Generator.next (<anonymous>)
    at https://cdn.jsdelivr.net/npm/maplibre-gl@4.7.1/dist/maplibre-gl.js:42:343 @ https://cdn.jsdelivr.net/npm/maplibre-gl@4.7.1/dist/maplibre-gl.js:41
[  266765ms] [ERROR] Access to fetch at 'https://tile.openstreetmap.org/22/2148478/1400167.png' from origin 'http://localhost:8090' has been blocked by CORS policy: No 'Access-Control-Allow-Origin' header is present on the requested resource. @ http://localhost:8090/?v=8:0
[  266766ms] [ERROR] Failed to load resource: net::ERR_FAILED @ https://tile.openstreetmap.org/22/2148478/1400167.png:0
[  266766ms] [ERROR] TypeError: Failed to fetch
    at https://cdn.jsdelivr.net/npm/maplibre-gl@4.7.1/dist/maplibre-gl.js:42:7068
    at Generator.next (<anonymous>)
    at https://cdn.jsdelivr.net/npm/maplibre-gl@4.7.1/dist/maplibre-gl.js:42:343
    at new Promise (<anonymous>)
    at e (https://cdn.jsdelivr.net/npm/maplibre-gl@4.7.1/dist/maplibre-gl.js:42:82)
    at https://cdn.jsdelivr.net/npm/maplibre-gl@4.7.1/dist/maplibre-gl.js:42:6784
    at Object.O [as m] (https://cdn.jsdelivr.net/npm/maplibre-gl@4.7.1/dist/maplibre-gl.js:42:7394)
    at https://cdn.jsdelivr.net/npm/maplibre-gl@4.7.1/dist/maplibre-gl.js:46:4114
    at Generator.next (<anonymous>)
    at https://cdn.jsdelivr.net/npm/maplibre-gl@4.7.1/dist/maplibre-gl.js:42:343 @ https://cdn.jsdelivr.net/npm/maplibre-gl@4.7.1/dist/maplibre-gl.js:41
[  266770ms] [ERROR] Access to fetch at 'https://tile.openstreetmap.org/22/2148478/1400168.png' from origin 'http://localhost:8090' has been blocked by CORS policy: No 'Access-Control-Allow-Origin' header is present on the requested resource. @ http://localhost:8090/?v=8:0
[  266770ms] [ERROR] Failed to load resource: net::ERR_FAILED @ https://tile.openstreetmap.org/22/2148478/1400168.png:0
[  266771ms] [ERROR] TypeError: Failed to fetch
    at https://cdn.jsdelivr.net/npm/maplibre-gl@4.7.1/dist/maplibre-gl.js:42:7068
    at Generator.next (<anonymous>)
    at https://cdn.jsdelivr.net/npm/maplibre-gl@4.7.1/dist/maplibre-gl.js:42:343
    at new Promise (<anonymous>)
    at e (https://cdn.jsdelivr.net/npm/maplibre-gl@4.7.1/dist/maplibre-gl.js:42:82)
    at https://cdn.jsdelivr.net/npm/maplibre-gl@4.7.1/dist/maplibre-gl.js:42:6784
    at Object.O [as m] (https://cdn.jsdelivr.net/npm/maplibre-gl@4.7.1/dist/maplibre-gl.js:42:7394)
    at https://cdn.jsdelivr.net/npm/maplibre-gl@4.7.1/dist/maplibre-gl.js:46:4114
    at Generator.next (<anonymous>)
    at https://cdn.jsdelivr.net/npm/maplibre-gl@4.7.1/dist/maplibre-gl.js:42:343 @ https://cdn.jsdelivr.net/npm/maplibre-gl@4.7.1/dist/maplibre-gl.js:41
[  266771ms] [ERROR] Access to fetch at 'https://tile.openstreetmap.org/22/2148475/1400166.png' from origin 'http://localhost:8090' has been blocked by CORS policy: No 'Access-Control-Allow-Origin' header is present on the requested resource. @ http://localhost:8090/?v=8:0
[  266771ms] [ERROR] Failed to load resource: net::ERR_FAILED @ https://tile.openstreetmap.org/22/2148475/1400166.png:0
[  266771ms] [ERROR] TypeError: Failed to fetch
    at https://cdn.jsdelivr.net/npm/maplibre-gl@4.7.1/dist/maplibre-gl.js:42:7068
    at Generator.next (<anonymous>)
    at https://cdn.jsdelivr.net/npm/maplibre-gl@4.7.1/dist/maplibre-gl.js:42:343
    at new Promise (<anonymous>)
    at e (https://cdn.jsdelivr.net/npm/maplibre-gl@4.7.1/dist/maplibre-gl.js:42:82)
    at https://cdn.jsdelivr.net/npm/maplibre-gl@4.7.1/dist/maplibre-gl.js:42:6784
    at Object.O [as m] (https://cdn.jsdelivr.net/npm/maplibre-gl@4.7.1/dist/maplibre-gl.js:42:7394)
    at https://cdn.jsdelivr.net/npm/maplibre-gl@4.7.1/dist/maplibre-gl.js:46:4114
    at Generator.next (<anonymous>)
    at https://cdn.jsdelivr.net/npm/maplibre-gl@4.7.1/dist/maplibre-gl.js:42:343 @ https://cdn.jsdelivr.net/npm/maplibre-gl@4.7.1/dist/maplibre-gl.js:41
[  266771ms] [ERROR] Access to fetch at 'https://tile.openstreetmap.org/22/2148478/1400166.png' from origin 'http://localhost:8090' has been blocked by CORS policy: No 'Access-Control-Allow-Origin' header is present on the requested resource. @ http://localhost:8090/?v=8:0
[  266771ms] [ERROR] Failed to load resource: net::ERR_FAILED @ https://tile.openstreetmap.org/22/2148478/1400166.png:0
[  266771ms] [ERROR] TypeError: Failed to fetch
    at https://cdn.jsdelivr.net/npm/maplibre-gl@4.7.1/dist/maplibre-gl.js:42:7068
    at Generator.next (<anonymous>)
    at https://cdn.jsdelivr.net/npm/maplibre-gl@4.7.1/dist/maplibre-gl.js:42:343
    at new Promise (<anonymous>)
    at e (https://cdn.jsdelivr.net/npm/maplibre-gl@4.7.1/dist/maplibre-gl.js:42:82)
    at https://cdn.jsdelivr.net/npm/maplibre-gl@4.7.1/dist/maplibre-gl.js:42:6784
    at Object.O [as m] (https://cdn.jsdelivr.net/npm/maplibre-gl@4.7.1/dist/maplibre-gl.js:42:7394)
    at https://cdn.jsdelivr.net/npm/maplibre-gl@4.7.1/dist/maplibre-gl.js:46:4114
    at Generator.next (<anonymous>)
    at https://cdn.jsdelivr.net/npm/maplibre-gl@4.7.1/dist/maplibre-gl.js:42:343 @ https://cdn.jsdelivr.net/npm/maplibre-gl@4.7.1/dist/maplibre-gl.js:41
